[{"map1":{"map1-1":{"map1-1-a":"a","map1-1-b":"b"},"map1-2":{"map1-2-c":"c","map1-2-d":"d"}},"lists":[["list1-1","list1-2","list1-3"],["list2-1","list2-2","list2-3"]],"map2":{"map2-1":{"map2-1-1":{"map2-1-1-a":"a","map2-1-1-b":"b"},"map2-1-2":{"map2-1-2-c":"c","map2-1-2-d":"d"}},"map2-2":{"map2-2-1":{"map2-2-1-a-int":1,"map2-2-1-b-date":1500000000},"map2-2-2":{"map2-2-2-c-bytes":"AAEC","map2-2-2-d-s":222}}},"list3":["list3-1",3.2,33]}]